
Allocating common symbols
Common symbol       size              file

netbufpool          0x4               binaries/net.o
readylist           0x2               binaries/ready.o
rfltab              0x5a0             binaries/rflinit.o
sleepq              0x2               binaries/clkinit.o
instLoads           0xf0              binaries/initialize.o
nnames              0x4               binaries/naminit.o
udptab              0x168             binaries/udp.o
minheap             0x4               binaries/meminit.o
marks               0x50              binaries/mark.o
currpid             0x4               binaries/initialize.o
Lf_data             0x20c             binaries/lfsinit.o
porttab             0x2d0             binaries/ptinit.o
girmask             0x2               binaries/evec.o
ttytab              0x10c             binaries/ttyinit.o
proctab             0x1a90            binaries/initialize.o
prcount             0x4               binaries/initialize.o
lfltab              0xf00             binaries/lflinit.o
rdstab              0x8c              binaries/rdsinit.o
ethertab            0x138             binaries/ethinit.o
NetData             0xa8              binaries/net.o
nmarks              0x4               binaries/mark.o
Defer               0x8               binaries/resched.o
semtab              0x4b0             binaries/initialize.o
maxheap             0x4               binaries/meminit.o
preempt             0x4               binaries/clkinit.o
buftab              0xf0              binaries/bufinit.o
Rf_data             0x18              binaries/rfsinit.o
mkmutex             0x4               binaries/mark.o
time                0x4               binaries/initialize.o
clktime             0x4               binaries/clkinit.o
numOfReadyProcesses
                    0x4               binaries/initialize.o
arpcache            0x140             binaries/arp.o
icmptab             0x230             binaries/icmp.o
nbpools             0x4               binaries/bufinit.o
queuetab            0x980             binaries/queue.o
ptnextid            0x4               binaries/ptinit.o
Ram                 0x19000           binaries/raminit.o
ipoqueue            0x2c              binaries/ip.o
instLoadPosition    0x4               binaries/initialize.o
memlist             0x8               binaries/initialize.o
avgload             0x4               binaries/initialize.o
nametab             0x19a0            binaries/naminit.o
ptfree              0x4               binaries/ptinit.o

Discarded input sections

 .group         0x0000000000000000        0x8 binaries/ascdate.o
 .group         0x0000000000000000        0x8 binaries/bufinit.o
 .group         0x0000000000000000        0x8 binaries/chprio.o
 .text.__x86.get_pc_thunk.bx
                0x0000000000000000        0x4 binaries/chprio.o
 .group         0x0000000000000000        0x8 binaries/clkhandler.o
 .text.__x86.get_pc_thunk.bx
                0x0000000000000000        0x4 binaries/clkhandler.o
 .group         0x0000000000000000        0x8 binaries/clkinit.o
 .text.__x86.get_pc_thunk.bx
                0x0000000000000000        0x4 binaries/clkinit.o
 .group         0x0000000000000000        0x8 binaries/close.o
 .text.__x86.get_pc_thunk.bx
                0x0000000000000000        0x4 binaries/close.o
 .group         0x0000000000000000        0x8 binaries/control.o
 .text.__x86.get_pc_thunk.bx
                0x0000000000000000        0x4 binaries/control.o
 .group         0x0000000000000000        0x8 binaries/create.o
 .text.__x86.get_pc_thunk.bx
                0x0000000000000000        0x4 binaries/create.o
 .group         0x0000000000000000        0x8 binaries/early_imr.o
 .text.__x86.get_pc_thunk.bx
                0x0000000000000000        0x4 binaries/early_imr.o
 .group         0x0000000000000000        0x8 binaries/evec.o
 .text.__x86.get_pc_thunk.bx
                0x0000000000000000        0x4 binaries/evec.o
 .group         0x0000000000000000        0x8 binaries/freebuf.o
 .text.__x86.get_pc_thunk.bx
                0x0000000000000000        0x4 binaries/freebuf.o
 .group         0x0000000000000000        0x8 binaries/freemem.o
 .text.__x86.get_pc_thunk.bx
                0x0000000000000000        0x4 binaries/freemem.o
 .group         0x0000000000000000        0x8 binaries/getbuf.o
 .text.__x86.get_pc_thunk.bx
                0x0000000000000000        0x4 binaries/getbuf.o
 .group         0x0000000000000000        0x8 binaries/getc.o
 .text.__x86.get_pc_thunk.bx
                0x0000000000000000        0x4 binaries/getc.o
 .group         0x0000000000000000        0x8 binaries/getdev.o
 .text.__x86.get_pc_thunk.bx
                0x0000000000000000        0x4 binaries/getdev.o
 .group         0x0000000000000000        0x8 binaries/getitem.o
 .group         0x0000000000000000        0x8 binaries/getitem.o
 .text.__x86.get_pc_thunk.ax
                0x0000000000000000        0x4 binaries/getitem.o
[...]
Memory Configuration

Name             Origin             Length             Attributes
*default*        0x0000000000000000 0xffffffffffffffff

Linker script and memory map

                0x0000000000100000                physbase = 0x100000
                0x0000000000100000                . = physbase
                0x0000000000100000                . = ALIGN (0x1000)

.text           0x0000000000100000    0x16000
                0x0000000000100000                text = ABSOLUTE (.)
 *(.text .text.*)
 .text          0x0000000000100000      0x1a8 binaries/start.o
                0x0000000000100024                start
                0x00000000001000f6                inb
                0x00000000001000fe                inw
                0x0000000000100107                inl
                0x000000000010010f                outb
                0x0000000000100119                outw
                0x0000000000100124                outl
                0x000000000010012e                _rtcin
                0x0000000000100139                ___udivsi3
                0x0000000000100144                ___divsi3
                0x0000000000100150                sbzero
                0x0000000000100160                bcopy
                0x0000000000100174                insw
                0x000000000010018a                outsw
                0x00000000001001a0                lidt
 .text          0x00000000001001a8      0x2e5 binaries/ascdate.o
                0x00000000001001a8                ascdate
 .text.__x86.get_pc_thunk.bx
                0x000000000010048d        0x4 binaries/ascdate.o
                0x000000000010048d                __x86.get_pc_thunk.bx
 .text          0x0000000000100491       0x1c binaries/bufinit.o
                0x0000000000100491                bufinit
 .text.__x86.get_pc_thunk.ax
                0x00000000001004ad        0x4 binaries/bufinit.o
                0x00000000001004ad                __x86.get_pc_thunk.ax
 .text          0x00000000001004b1      0x234 binaries/chprio.o
                0x00000000001004b1                chprio
                0x0000000000100612                system
 .text          0x00000000001006e5       0xe6 binaries/clkhandler.o
                0x00000000001006e5                clkhandler
 .text          0x00000000001007cb       0x86 binaries/clkinit.o
                0x00000000001007cb                clkinit
 .text          0x0000000000100851       0x5c binaries/close.o
                0x0000000000100851                close
 .text          0x00000000001008ad        0x0 binaries/conf.o
 .text          0x00000000001008ad       0x65 binaries/control.o
                0x00000000001008ad                control
 .text          0x0000000000100912      0x326 binaries/create.o
                0x0000000000100912                create
 .text          0x0000000000100c38      0x23b binaries/early_imr.o
                0x0000000000100c38                intel_cln_early_sb_read_reg
                0x0000000000100c9f                intel_cln_early_sb_write_reg
                0x0000000000100d5e                remove_irm_protections
 .text          0x0000000000100e73      0x36f binaries/evec.o
                0x0000000000100e73                setirmask
                0x0000000000100ec4                set_evec
                0x0000000000100f38                initevec
                0x0000000000101019                trap
 .text          0x00000000001011e2       0x91 binaries/freebuf.o
                0x00000000001011e2                freebuf
 .text          0x0000000000101273      0x123 binaries/freemem.o
                0x0000000000101273                freemem
 .text          0x0000000000101396       0x75 binaries/getbuf.o
                0x0000000000101396                getbuf
 .text          0x000000000010140b       0x5c binaries/getc.o
                0x000000000010140b                getc
 .text          0x0000000000101467       0x79 binaries/getdev.o
                0x0000000000101467                getdev
 .text          0x00000000001014e0       0x96 binaries/getitem.o
                0x00000000001014e0                getitem
                0x0000000000101513                getfirst
                0x0000000000101543                getlast
 .text.__x86.get_pc_thunk.dx
                0x0000000000101576        0x4 binaries/getitem.o
                0x0000000000101576                __x86.get_pc_thunk.dx
 .text          0x000000000010157a       0xce binaries/getmem.o
                0x000000000010157a                getmem
 .text          0x0000000000101648       0x13 binaries/getpid.o
                0x0000000000101648                getpid
 .text          0x000000000010165b       0x70 binaries/getprio.o
                0x000000000010165b                getprio
 .text          0x00000000001016cb       0xc0 binaries/getstk.o
                0x00000000001016cb                getstk
 .text          0x000000000010178b       0x41 binaries/gettime.o
                0x000000000010178b                gettime
 .text          0x00000000001017cc      0x1d7 binaries/getutime.o
                0x00000000001017cc                getutime
 .text          0x00000000001019a3       0x5c binaries/init.o
                0x00000000001019a3                init
 .text          0x00000000001019ff      0x5af binaries/initialize.o
                0x00000000001019ff                daemon
                0x0000000000101ca1                nulluser
                0x0000000000101f59                stop
                0x0000000000101f8b                delay
 .text          0x0000000000101fae       0xaf binaries/insert.o
                0x0000000000101fae                insert
 .text.__x86.get_pc_thunk.bp
                0x000000000010205d        0x4 binaries/insert.o
                0x000000000010205d                __x86.get_pc_thunk.bp
 .text          0x0000000000102061       0xf8 binaries/insertd.o
                0x0000000000102061                insertd
 .text.__x86.get_pc_thunk.di
                0x0000000000102159        0x4 binaries/insertd.o
                0x0000000000102159                __x86.get_pc_thunk.di
 .text          0x000000000010215d        0x6 binaries/ioerr.o
                0x000000000010215d                ioerr
 .text          0x0000000000102163        0x6 binaries/ionull.o
                0x0000000000102163                ionull
 .text          0x0000000000102169      0x193 binaries/kill.o
                0x0000000000102169                kill
 .text          0x00000000001022fc       0xe2 binaries/kprintf.o
                0x00000000001022fc                kputc
                0x000000000010233a                console_init
                0x000000000010237e                kgetc
                0x00000000001023ad                kprintf
 .text          0x00000000001023de      0x240 binaries/main.o
                0x00000000001023de                loop
                0x000000000010241c                printProc
                0x00000000001024f0                main
                0x00000000001025d2                sleepingloop
 .text          0x000000000010261e       0xf1 binaries/main_original.o
                0x000000000010261e                mainlower
 .text          0x000000000010270f       0xb3 binaries/mark.o
                0x000000000010270f                markinit
                0x000000000010273e                mark
 .text          0x00000000001027c2      0x22c binaries/meminit.o
                0x00000000001027c2                meminit
                0x0000000000102968                setsegs
 .text          0x00000000001029ee      0x14a binaries/mkbufpool.o
                0x00000000001029ee                mkbufpool
 .text          0x0000000000102b38       0x5e binaries/newqueue.o
                0x0000000000102b38                newqueue
 .text.__x86.get_pc_thunk.cx
                0x0000000000102b96        0x4 binaries/newqueue.o
                0x0000000000102b96                __x86.get_pc_thunk.cx
 .text          0x0000000000102b9a       0x64 binaries/open.o
                0x0000000000102b9a                open
 .text          0x0000000000102bfe       0x2c binaries/panic.o
                0x0000000000102bfe                panic
 .text          0x0000000000102c2a      0x280 binaries/pci.o
                0x0000000000102c2a                pci_init
                0x0000000000102c30                find_pci_device
                0x0000000000102cf2                pci_read_config_byte
                0x0000000000102d2f                pci_read_config_word
                0x0000000000102d6e                pci_read_config_dword
                0x0000000000102dab                pci_write_config_byte
                0x0000000000102de6                pci_write_config_word
                0x0000000000102e22                pci_write_config_dword
                0x0000000000102e5d                pci_get_dev_mmio_base_addr
 .text          0x0000000000102eaa       0x68 binaries/platinit.o
                0x0000000000102eaa                platinit
 .text          0x0000000000102f12       0xab binaries/ptclear.o
                0x0000000000102f12                _ptclear
 .text          0x0000000000102fbd       0x9f binaries/ptcount.o
                0x0000000000102fbd                ptcount
 .text          0x000000000010305c       0xf4 binaries/ptcreate.o
                0x000000000010305c                ptcreate
 .text          0x0000000000103150       0x70 binaries/ptdelete.o
                0x0000000000103150                ptdelete
 .text          0x00000000001031c0       0xa0 binaries/ptinit.o
                0x00000000001031c0                ptinit
 .text          0x0000000000103260      0x123 binaries/ptrecv.o
                0x0000000000103260                ptrecv
 .text          0x0000000000103383       0x68 binaries/ptreset.o
                0x0000000000103383                ptreset
 .text          0x00000000001033eb      0x15c binaries/ptsend.o
                0x00000000001033eb                ptsend
 .text          0x0000000000103547       0x6e binaries/putc.o
                0x0000000000103547                putc
 .text          0x00000000001035b5       0xc3 binaries/quark_irq.o
                0x00000000001035b5                quark_irq_routing
 .text          0x0000000000103678      0x1bb binaries/quark_pdat.o
                0x0000000000103678                get_quark_pdat_entry_data_by_id
                0x0000000000103751                get_quark_pdat_entry_data_by_desc
 .text          0x0000000000103833       0xc7 binaries/queue.o
                0x0000000000103833                enqueue
                0x000000000010389f                dequeue
 .text          0x00000000001038fa       0x64 binaries/read.o
                0x00000000001038fa                read
 .text          0x000000000010395e       0x88 binaries/ready.o
                0x000000000010395e                ready
 .text          0x00000000001039e6       0x7d binaries/receive.o
                0x00000000001039e6                receive
 .text          0x0000000000103a63       0x63 binaries/recvclr.o
                0x0000000000103a63                recvclr
 .text          0x0000000000103ac6       0xcd binaries/recvtime.o
                0x0000000000103ac6                recvtime
 .text          0x0000000000103b93      0x219 binaries/resched.o
                0x0000000000103b93                resched
                0x0000000000103d1f                resched_cntl
 .text          0x0000000000103dac       0x97 binaries/resume.o
                0x0000000000103dac                resume
 .text          0x0000000000103e43       0x60 binaries/seek.o
                0x0000000000103e43                seek
 .text          0x0000000000103ea3       0x65 binaries/semcount.o
                0x0000000000103ea3                semcount
 .text          0x0000000000103f08       0xb5 binaries/semcreate.o
                0x0000000000103f08                semcreate
 .text          0x0000000000103fbd       0xe0 binaries/semdelete.o
                0x0000000000103fbd                semdelete
 .text          0x000000000010409d       0xc0 binaries/semreset.o
                0x000000000010409d                semreset
 .text          0x000000000010415d       0xd1 binaries/send.o
                0x000000000010415d                send
 .text          0x000000000010422e       0xa9 binaries/signal.o
                0x000000000010422e                signal
 .text          0x00000000001042d7       0xe9 binaries/signaln.o
                0x00000000001042d7                signaln
 .text          0x00000000001043c0       0xd8 binaries/sleep.o
                0x00000000001043c0                sleepms
                0x0000000000104462                sleep
 .text          0x0000000000104498       0xd2 binaries/suspend.o
                0x0000000000104498                suspend
 .text          0x000000000010456a       0xa0 binaries/unsleep.o
                0x000000000010456a                unsleep
 .text          0x000000000010460a       0x22 binaries/userret.o
                0x000000000010460a                userret
 .text          0x000000000010462c       0xc7 binaries/wait.o
                0x000000000010462c                wait
 .text          0x00000000001046f3       0x88 binaries/wakeup.o
                0x00000000001046f3                wakeup
 .text          0x000000000010477b       0x64 binaries/write.o
                0x000000000010477b                write
 .text          0x00000000001047df       0x25 binaries/xdone.o
                0x00000000001047df                xdone
 .text          0x0000000000104804       0x30 binaries/yield.o
                0x0000000000104804                yield
 .text          0x0000000000104834        0xe binaries/abs.o
                0x0000000000104834                abs
 .text          0x0000000000104842       0x60 binaries/atoi.o
                0x0000000000104842                atoi
 .text          0x00000000001048a2       0x60 binaries/atol.o
                0x00000000001048a2                atol
 .text          0x0000000000104902       0x18 binaries/bzero.o
                0x0000000000104902                bzero
 .text          0x000000000010491a        0x0 binaries/ctype_.o
 .text          0x000000000010491a      0x83f binaries/doprnt.o
                0x0000000000104a90                _doprnt
 .text.__x86.get_pc_thunk.si
                0x0000000000105159        0x4 binaries/doprnt.o
                0x0000000000105159                __x86.get_pc_thunk.si
 .text          0x000000000010515d      0x776 binaries/doscan.o
                0x000000000010515d                _doscan
 .text          0x00000000001058d3      0x7a9 binaries/fdoprnt.o
                0x0000000000105959                _fdoprnt
 .text          0x000000000010607c       0x2b binaries/fgetc.o
                0x000000000010607c                fgetc
 .text          0x00000000001060a7       0x68 binaries/fgets.o
                0x00000000001060a7                fgets
 .text          0x000000000010610f       0x31 binaries/fprintf.o
                0x000000000010610f                fprintf
 .text          0x0000000000106140       0x36 binaries/fputc.o
                0x0000000000106140                fputc
 .text          0x0000000000106176       0x45 binaries/fputs.o
                0x0000000000106176                fputs
 .text          0x00000000001061bb       0x88 binaries/fscanf.o
                0x0000000000106202                fscanf
 .text          0x0000000000106243       0x36 binaries/getchar.o
                0x0000000000106243                getchar
 .text          0x0000000000106279        0xe binaries/labs.o
                0x0000000000106279                labs
 .text          0x0000000000106287       0x34 binaries/memchr.o
                0x0000000000106287                memchr
 .text          0x00000000001062bb       0x47 binaries/memcmp.o
                0x00000000001062bb                memcmp
 .text          0x0000000000106302       0x25 binaries/memcpy.o
                0x0000000000106302                memcpy
 .text          0x0000000000106327       0x1e binaries/memset.o
                0x0000000000106327                memset
 .text          0x0000000000106345       0x4a binaries/printf.o
                0x0000000000106345                printf
 .text          0x000000000010638f       0x3a binaries/putchar.o
                0x000000000010638f                putchar
 .text          0x00000000001063c9      0x22b binaries/qsort.o
                0x00000000001065bc                qsort
 .text          0x00000000001065f4       0x3e binaries/rand.o
                0x00000000001065f4                srand
                0x0000000000106609                rand
 .text          0x0000000000106632       0x58 binaries/sprintf.o
                0x0000000000106649                sprintf
 .text          0x000000000010668a       0x68 binaries/sscanf.o
                0x00000000001066b3                sscanf
 .text          0x00000000001066f2       0x2f binaries/strchr.o
                0x00000000001066f2                strchr
 .text          0x0000000000106721       0x41 binaries/strcmp.o
                0x0000000000106721                strcmp
 .text          0x0000000000106762       0x1a binaries/strcpy.o
                0x0000000000106762                strcpy
 .text          0x000000000010677c       0x1c binaries/strlen.o
                0x000000000010677c                strlen
 .text          0x0000000000106798       0x3a binaries/strncat.o
                0x0000000000106798                strncat
 .text          0x00000000001067d2       0x36 binaries/strncmp.o
                0x00000000001067d2                strncmp
 .text          0x0000000000106808       0x57 binaries/strncpy.o
                0x0000000000106808                strncpy
 .text          0x000000000010685f       0x2e binaries/strnlen.o
                0x000000000010685f                strnlen
 .text          0x000000000010688d       0x34 binaries/strrchr.o
                0x000000000010688d                strrchr
 .text          0x00000000001068c1       0x75 binaries/strstr.o
                0x00000000001068c1                strstr
 .text          0x0000000000106936      0x164 binaries/ttycontrol.o
                0x0000000000106936                ttycontrol
 .text          0x0000000000106a9a       0xda binaries/ttygetc.o
                0x0000000000106a9a                ttygetc
 .text          0x0000000000106b74      0x4f5 binaries/ttyhandle_in.o
                0x0000000000106c34                ttyhandle_in
 .text          0x0000000000107069      0x181 binaries/ttyhandle_out.o
                0x0000000000107069                ttyhandle_out
 .text          0x00000000001071ea       0x93 binaries/ttyhandler.o
                0x00000000001071ea                ttyhandler
 .text          0x000000000010727d      0x17a binaries/ttyinit.o
                0x000000000010727d                ttyinit
 .text          0x00000000001073f7        0xc binaries/ttykickout.o
                0x00000000001073f7                ttykickout
 .text          0x0000000000107403       0xf0 binaries/ttyputc.o
                0x0000000000107403                ttyputc
 .text          0x00000000001074f3      0x143 binaries/ttyread.o
                0x00000000001074f3                ttyread
 .text          0x0000000000107636       0x59 binaries/ttywrite.o
                0x0000000000107636                ttywrite
 .text          0x000000000010768f      0x152 binaries/mount.o
                0x000000000010768f                namlen
                0x00000000001076c5                mount
 .text          0x00000000001077e1      0x1f2 binaries/naminit.o
                0x00000000001077e1                naminit
 .text          0x00000000001079d3      0x231 binaries/nammap.o
                0x00000000001079d3                namrepl
                0x0000000000107b10                namcpy
                0x0000000000107b5b                nammap
 .text          0x0000000000107c04       0x5b binaries/namopen.o
                0x0000000000107c04                namopen
 .text          0x0000000000107c5f       0xfc binaries/colon2mac.o
                0x0000000000107c5f                colon2mac
 .text          0x0000000000107d5b       0x8d binaries/ethcontrol.o
                0x0000000000107d5b                ethcontrol
 .text          0x0000000000107de8      0x1bc binaries/ethhandler.o
                0x0000000000107de8                ethhandler
 .text          0x0000000000107fa4      0x573 binaries/ethinit.o
                0x0000000000107fa4                eth_phy_read
                0x0000000000107fdf                eth_phy_write
                0x000000000010801d                eth_phy_reset
                0x00000000001080f2                ethinit
 .text          0x0000000000108517      0x10d binaries/ethmcast.o
                0x0000000000108517                ethmcast_add
                0x000000000010856b                ethmcast_remove
 .text          0x0000000000108624      0x1d8 binaries/ethread.o
                0x0000000000108624                ethread
 .text          0x00000000001087fc       0xdf binaries/ethwrite.o
                0x00000000001087fc                ethwrite
 .text          0x00000000001088db       0x73 binaries/rdsbufalloc.o
                0x00000000001088db                rdsbufalloc
 .text          0x000000000010894e       0xb7 binaries/rdsclose.o
                0x000000000010894e                rdsclose
 .text          0x0000000000108a05      0x22d binaries/rdscomm.o
                0x0000000000108a05                rdscomm
 .text          0x0000000000108c32      0x1d8 binaries/rdscontrol.o
                0x0000000000108c32                rdscontrol
 .text          0x0000000000108e0a      0x201 binaries/rdsinit.o
                0x0000000000108e0a                rdsinit
 .text          0x000000000010900b      0x1a4 binaries/rdsopen.o
                0x000000000010900b                rdsopen
 .text          0x00000000001091af      0x2e5 binaries/rdsprocess.o
                0x00000000001091af                rdsprocess
 .text          0x0000000000109494      0x209 binaries/rdsread.o
                0x0000000000109494                rdsread
 .text          0x000000000010969d      0x1b3 binaries/rdswrite.o
                0x000000000010969d                rdswrite
 .text          0x0000000000109850        0x6 binaries/ramclose.o
                0x0000000000109850                ramclose
 .text          0x0000000000109856       0x42 binaries/raminit.o
                0x0000000000109856                raminit
 .text          0x0000000000109898        0x7 binaries/ramopen.o
                0x0000000000109898                ramopen
 .text          0x000000000010989f       0x35 binaries/ramread.o
                0x000000000010989f                ramread
 .text          0x00000000001098d4       0x35 binaries/ramwrite.o
                0x00000000001098d4                ramwrite
 .text          0x0000000000109909       0xa3 binaries/lfdballoc.o
                0x0000000000109909                lfdballoc
 .text          0x00000000001099ac       0x5c binaries/lfdbfree.o
                0x00000000001099ac                lfdbfree
 .text          0x0000000000109a08       0xb5 binaries/lfflush.o
                0x0000000000109a08                lfflush
 .text          0x0000000000109abd       0x74 binaries/lfgetmode.o
                0x0000000000109abd                lfgetmode
 .text          0x0000000000109b31       0x70 binaries/lfiballoc.o
                0x0000000000109b31                lfiballoc
 .text          0x0000000000109ba1       0x25 binaries/lfibclear.o
                0x0000000000109ba1                lfibclear
 .text          0x0000000000109bc6       0x8f binaries/lfibget.o
                0x0000000000109bc6                lfibget
 .text          0x0000000000109c55       0xa8 binaries/lfibput.o
                0x0000000000109c55                lfibput
 .text          0x0000000000109cfd       0xc1 binaries/lflclose.o
                0x0000000000109cfd                lflclose
 .text          0x0000000000109dbe       0xdb binaries/lflcontrol.o
                0x0000000000109dbe                lflcontrol
 .text          0x0000000000109e99      0x118 binaries/lflgetc.o
                0x0000000000109e99                lflgetc
 .text          0x0000000000109fb1       0xf6 binaries/lflinit.o
                0x0000000000109fb1                lflinit
 .text          0x000000000010a0a7      0x150 binaries/lflputc.o
                0x000000000010a0a7                lflputc
 .text          0x000000000010a1f7       0x77 binaries/lflread.o
                0x000000000010a1f7                lflread
 .text          0x000000000010a26e       0xda binaries/lflseek.o
                0x000000000010a26e                lflseek
 .text          0x000000000010a348       0x65 binaries/lflwrite.o
                0x000000000010a348                lflwrite
 .text          0x000000000010a3ad      0x14f binaries/lfsckfmt.o
                0x000000000010a3ad                lfsckfmt
 .text          0x000000000010a4fc      0x1d3 binaries/lfscreate.o
                0x000000000010a4fc                lfscreate
 .text          0x000000000010a6cf      0x1f7 binaries/lfsetup.o
                0x000000000010a6cf                lfsetup
 .text          0x000000000010a8c6       0x52 binaries/lfsinit.o
                0x000000000010a8c6                lfsinit
 .text          0x000000000010a918      0x33f binaries/lfsopen.o
                0x000000000010a918                lfsopen
 .text          0x000000000010ac57      0x151 binaries/lftruncate.o
                0x000000000010ac57                lftruncate
 .text          0x000000000010ada8       0x83 binaries/rflclose.o
                0x000000000010ada8                rflclose
 .text          0x000000000010ae2b       0x38 binaries/rflgetc.o
                0x000000000010ae2b                rflgetc
 .text          0x000000000010ae63       0x80 binaries/rflinit.o
                0x000000000010ae63                rflinit
 .text          0x000000000010aee3       0x3b binaries/rflputc.o
                0x000000000010aee3                rflputc
 .text          0x000000000010af1e      0x33b binaries/rflread.o
                0x000000000010af1e                rflread
 .text          0x000000000010b259       0x87 binaries/rflseek.o
                0x000000000010b259                rflseek
 .text          0x000000000010b2e0      0x360 binaries/rflwrite.o
                0x000000000010b2e0                rflwrite
 .text          0x000000000010b640      0x1a6 binaries/rfscomm.o
                0x000000000010b640                rfscomm
 .text          0x000000000010b7e6      0x27f binaries/rfscontrol.o
                0x000000000010b7e6                rfscontrol
 .text          0x000000000010ba65       0x74 binaries/rfsgetmode.o
                0x000000000010ba65                rfsgetmode
 .text          0x000000000010bad9       0x98 binaries/rfsinit.o
                0x000000000010bad9                rfsinit
 .text          0x000000000010bb71       0xca binaries/rfsndmsg.o
                0x000000000010bb71                rfsndmsg
 .text          0x000000000010bc3b      0x286 binaries/rfsopen.o
                0x000000000010bc3b                rfsopen
 .text          0x000000000010bec1      0x6c0 binaries/arp.o
                0x000000000010bec1                arp_init
                0x000000000010bee8                arp_alloc
                0x000000000010bf99                arp_ntoh
                0x000000000010c003                arp_hton
                0x000000000010c06d                arp_resolve
                0x000000000010c312                arp_in
 .text          0x000000000010c581      0x5ea binaries/dhcp.o
                0x000000000010c581                dhcp_get_opt_val
                0x000000000010c5d2                dhcp_bld_bootp_msg
                0x000000000010c6b0                dhcp_bld_disc
                0x000000000010c700                dhcp_bld_req
                0x000000000010c7a6                getlocalip
 .text          0x000000000010cb6b       0xc6 binaries/dot2ip.o
                0x000000000010cb6b                dot2ip
 .text          0x000000000010cc31      0x3cf binaries/hexdump.o
                0x000000000010cc31                hexdump
                0x000000000010cdc3                hexadump
 .text          0x000000000010d000      0x778 binaries/icmp.o
                0x000000000010d000                icmp_init
                0x000000000010d024                icmp_register
                0x000000000010d0d8                icmp_recv
                0x000000000010d293                icmp_mkpkt
                0x000000000010d38a                icmp_in
                0x000000000010d530                icmp_send
                0x000000000010d5b3                icmp_release
                0x000000000010d6f6                icmp_cksum
                0x000000000010d750                icmp_hton
                0x000000000010d764                icmp_ntoh
 .text          0x000000000010d778      0x648 binaries/ip.o
                0x000000000010d778                ip_local
                0x000000000010d7c5                ipcksum
                0x000000000010d813                ip_ntoh
                0x000000000010d87d                ip_in
                0x000000000010d9c6                ip_hton
                0x000000000010da30                ip_out
                0x000000000010daf0                ip_send
                0x000000000010dc1a                ipout
                0x000000000010dd1d                ip_enqueue
 .text          0x000000000010ddc0      0x1cc binaries/net.o
                0x000000000010ddc0                net_init
                0x000000000010dece                eth_hton
                0x000000000010ded8                eth_ntoh
                0x000000000010dee2                netin
 .text          0x000000000010df8c       0xd9 binaries/netstart.o
                0x000000000010df8c                netstart
 .text          0x000000000010e065      0xae9 binaries/pdump.o
                0x000000000010e065                pdump
                0x000000000010e6a2                pdumph
 .text          0x000000000010eb4e      0x5ff binaries/tftp.o
                0x000000000010eb4e                tftp_send1
                0x000000000010ec70                tftpget_mb
                0x000000000010f126                tftpget
 .text          0x000000000010f14d      0xa9c binaries/udp.o
                0x000000000010f14d                udp_init
                0x000000000010f190                udp_in
                0x000000000010f2ac                udp_register
                0x000000000010f3c7                udp_recv
                0x000000000010f56c                udp_recvaddr
                0x000000000010f725                udp_send
                0x000000000010f8f2                udp_sendto
                0x000000000010fa7e                udp_release
                0x000000000010fbc1                udp_ntoh
                0x000000000010fbd5                udp_hton
 .text          0x000000000010fbe9      0x13a binaries/addargs.o
                0x000000000010fbe9                addargs
 .text          0x000000000010fd23      0x234 binaries/lexan.o
                0x000000000010fd23                lexan
 .text          0x000000000010ff57      0x643 binaries/shell.o
                0x000000000010ff57                shell
 .text          0x000000000011059a       0x6e binaries/xsh_argecho.o
                0x000000000011059a                xsh_argecho
 .text          0x0000000000110608      0x244 binaries/xsh_arp.o
                0x0000000000110608                xsh_arp
 .text          0x000000000011084c      0x265 binaries/xsh_cat.o
                0x000000000011084c                xsh_cat
 .text          0x0000000000110ab1       0x6e binaries/xsh_clear.o
                0x0000000000110ab1                xsh_clear
 .text          0x0000000000110b1f      0x2c1 binaries/xsh_date.o
                0x0000000000110b1f                xsh_date
 .text          0x0000000000110de0       0xa8 binaries/xsh_devdump.o
                0x0000000000110de0                xsh_devdump
 .text          0x0000000000110e88       0x77 binaries/xsh_echo.o
                0x0000000000110e88                xsh_echo
 .text          0x0000000000110eff        0x6 binaries/xsh_exit.o
                0x0000000000110eff                xsh_exit
 .text          0x0000000000110f05      0x380 binaries/xsh_help.o
                0x0000000000110f05                xsh_help
 .text          0x0000000000111285      0x38a binaries/xsh_ipaddr.o
                0x0000000000111285                xsh_ipaddr
 .text          0x000000000011160f      0x204 binaries/xsh_kill.o
                0x000000000011160f                xsh_kill
 .text          0x0000000000111813      0x43c binaries/xsh_memdump.o
                0x00000000001118bd                xsh_memdump
 .text          0x0000000000111c4f      0x223 binaries/xsh_memstat.o
                0x0000000000111c4f                xsh_memstat
 .text          0x0000000000111e72      0x319 binaries/xsh_ping.o
                0x0000000000111e72                xsh_ping
 .text          0x000000000011218b      0x1d8 binaries/xsh_ps.o
                0x000000000011218b                xsh_ps
 .text          0x0000000000112363      0x1df binaries/xsh_sleep.o
                0x0000000000112363                xsh_sleep
 .text          0x0000000000112542      0x219 binaries/xsh_udpdump.o
                0x0000000000112542                xsh_udpdump
 .text          0x000000000011275b      0x477 binaries/xsh_udpecho.o
                0x000000000011275b                xsh_udpecho
 .text          0x0000000000112bd2      0x2ac binaries/xsh_udpeserver.o
                0x0000000000112bd2                xsh_udpeserver
 .text          0x0000000000112e7e      0x1f4 binaries/xsh_uptime.o
                0x0000000000112e7e                xsh_uptime
 .text          0x0000000000113072        0xe binaries/clkdisp.o
                0x0000000000113072                clkdisp
 .text          0x0000000000113080       0x19 binaries/ctxsw.o
                0x0000000000113080                ctxsw
 .text          0x0000000000113099      0x368 binaries/intr.o
                0x0000000000113099                disable
                0x00000000001130a2                restore
                0x00000000001130b0                enable
                0x00000000001130b2                pause
                0x00000000001130b9                halt
                0x00000000001130bc                spurious_irq7
                0x00000000001130c1                spurious_irq15
                0x00000000001130d0                _Xint0
                0x00000000001130db                _Xint1
                0x00000000001130e6                _Xint2
                0x00000000001130f1                _Xint3
                0x00000000001130fc                _Xint4
                0x0000000000113107                _Xint5
                0x0000000000113112                _Xint6
                0x000000000011311d                _Xint7
                0x0000000000113128                _Xint8
                0x0000000000113133                _Xint9
                0x000000000011313e                _Xint10
                0x0000000000113149                _Xint11
                0x0000000000113157                _Xint12
                0x0000000000113165                _Xint13
                0x0000000000113173                _Xint14
                0x0000000000113181                _Xint15
                0x000000000011318f                _Xint16
                0x000000000011319d                _Xint17
                0x00000000001131ab                _Xint18
                0x00000000001131b9                _Xint19
                0x00000000001131c7                _Xint20
                0x00000000001131d5                _Xint21
                0x00000000001131e3                _Xint22
                0x00000000001131f1                _Xint23
                0x00000000001131ff                _Xint24
                0x000000000011320d                _Xint25
                0x000000000011321b                _Xint26
                0x0000000000113229                _Xint27
                0x0000000000113237                _Xint28
                0x0000000000113245                _Xint29
                0x0000000000113253                _Xint30
                0x0000000000113261                _Xint31
                0x000000000011326f                _Xint32
                0x000000000011327d                _Xint33
                0x000000000011328b                _Xint34
                0x0000000000113299                _Xint35
                0x00000000001132a7                _Xint36
                0x00000000001132b5                _Xint37
                0x00000000001132c3                _Xint38
                0x00000000001132d1                _Xint39
                0x00000000001132df                _Xint40
                0x00000000001132ed                _Xint41
                0x00000000001132fb                _Xint42
                0x0000000000113309                _Xint43
                0x0000000000113317                _Xint44
                0x0000000000113325                _Xint45
                0x0000000000113333                _Xint46
                0x0000000000113341                defevec
 .text          0x0000000000113401        0xf binaries/ttydispatch.o
                0x0000000000113401                ttydispatch
 .text          0x0000000000113410       0x13 binaries/ethdispatch.o
                0x0000000000113410                ethdispatch
 *(.rodata .rodata.*)
 .rodata.str1.1
                0x0000000000113423       0x54 binaries/ascdate.o
 *fill*         0x0000000000113477        0x1 
 .rodata.str1.4
                0x0000000000113478       0x22 binaries/ascdate.o
 .rodata.str1.1
                0x000000000011349a       0x5f binaries/conf.o
 *fill*         0x00000000001134f9        0x3 
 .rodata.str1.4
                0x00000000001134fc       0x4f binaries/early_imr.o
 *fill*         0x000000000011354b        0x1 
 .rodata        0x000000000011354c       0x33 binaries/early_imr.o
 .rodata.str1.1
                0x000000000011357f      0x20c binaries/evec.o
 *fill*         0x000000000011378b        0x1 
 .rodata.str1.4
                0x000000000011378c       0x23 binaries/evec.o
 .rodata.str1.1
                0x00000000001137af        0xb binaries/getutime.o
 *fill*         0x00000000001137ba        0x2 
 .rodata.str1.4
                0x00000000001137bc       0x54 binaries/getutime.o
 .rodata.str1.1
                0x0000000000113810       0x6b binaries/initialize.o
                                         0x6f (size before relaxing)
 *fill*         0x000000000011387b        0x1 
 .rodata.str1.4
                0x000000000011387c       0xd4 binaries/initialize.o
 .rodata        0x0000000000113950       0x20 binaries/kill.o
 .rodata.str1.1
                0x0000000000113970       0x44 binaries/main.o
                                         0x46 (size before relaxing)
 .rodata.str1.4
                0x00000000001139b4       0x55 binaries/main.o
 .rodata.str1.1
                0x0000000000113a09       0x2b binaries/main_original.o
 .rodata.str1.4
                0x0000000000113a34      0x18e binaries/main_original.o
 *fill*         0x0000000000113bc2        0x2 
 .rodata.str1.4
                0x0000000000113bc4       0x23 binaries/meminit.o
 .rodata.str1.1
                0x0000000000113be7       0x1b binaries/meminit.o
 .rodata.str1.1
                0x0000000000113c02        0xf binaries/panic.o
 .rodata.str1.1
                0x0000000000113c11       0x1c binaries/ptinit.o
 *fill*         0x0000000000113c2d        0x3 
 .rodata.str1.4
                0x0000000000113c30       0x25 binaries/ptsend.o
 .rodata.str1.1
                0x0000000000113c55       0x22 binaries/quark_pdat.o
 *fill*         0x0000000000113c77        0x1 
 .rodata.str1.4
                0x0000000000113c78       0x27 binaries/xdone.o
 *fill*         0x0000000000113c9f        0x1 
 .rodata        0x0000000000113ca0       0x81 binaries/ctype_.o
                0x0000000000113ca0                _ctype_
 .rodata.str1.1
                0x0000000000113d21       0x29 binaries/doprnt.o
 *fill*         0x0000000000113d4a        0x2 
 .rodata        0x0000000000113d4c       0xc4 binaries/doprnt.o
 .rodata        0x0000000000113e10       0x98 binaries/doscan.o
 .rodata.str1.1
                0x0000000000113ea8       0x29 binaries/fdoprnt.o
 .rodata        0x0000000000113ea8       0x84 binaries/fdoprnt.o
 .rodata        0x0000000000113f2c       0x20 binaries/ttycontrol.o
 .rodata.str1.4
                0x0000000000113f4c       0x4c binaries/naminit.o
 .rodata.str1.1
                0x0000000000113f98       0x32 binaries/naminit.o
                                         0x35 (size before relaxing)
 .rodata.str1.1
                0x0000000000113fca       0x15 binaries/ethinit.o
 *fill*         0x0000000000113fdf        0x1 
 .rodata.str1.4
                0x0000000000113fe0       0x2e binaries/ethinit.o
 *fill*         0x000000000011400e        0x2 
 .rodata.str1.4
                0x0000000000114010       0x2c binaries/rdsbufalloc.o
 .rodata.str1.4
                0x000000000011403c       0x76 binaries/rdscomm.o
 *fill*         0x00000000001140b2        0x2 
 .rodata.str1.4
                0x00000000001140b4       0x48 binaries/rdscontrol.o
 .rodata.str1.4
                0x00000000001140fc       0x7e binaries/rdsinit.o
 .rodata.str1.1
                0x000000000011417a       0x18 binaries/rdsinit.o
 *fill*         0x0000000000114192        0x2 
 .rodata.str1.4
                0x0000000000114194       0x22 binaries/rdsopen.o
 *fill*         0x00000000001141b6        0x2 
 .rodata.str1.4
                0x00000000001141b8       0x4d binaries/rdsprocess.o
 .rodata.str1.1
                0x0000000000114205        0x9 binaries/raminit.o
 .rodata.str1.1
                0x000000000011420e       0x13 binaries/lfdballoc.o
 *fill*         0x0000000000114221        0x3 
 .rodata.str1.4
                0x0000000000114224       0x23 binaries/lfdballoc.o
 .rodata.str1.1
                0x0000000000114247       0x14 binaries/lfiballoc.o
 *fill*         0x000000000011425b        0x1 
 .rodata.str1.4
                0x000000000011425c       0x23 binaries/lflcontrol.o
 .rodata.str1.1
                0x000000000011427f       0x64 binaries/lfsckfmt.o
 *fill*         0x00000000001142e3        0x1 
 .rodata.str1.4
                0x00000000001142e4       0x51 binaries/lfsckfmt.o
 *fill*         0x0000000000114335        0x3 
 .rodata.str1.4
                0x0000000000114338       0x21 binaries/rflread.o
 .rodata.str1.4
                0x0000000000114359       0x21 binaries/rflwrite.o
 *fill*         0x0000000000114359        0x3 
 .rodata.str1.4
                0x000000000011435c       0x75 binaries/rfscomm.o
 *fill*         0x00000000001143d1        0x3 
 .rodata.str1.4
                0x00000000001143d4       0x23 binaries/rfscontrol.o
 *fill*         0x00000000001143f7        0x1 
 .rodata        0x00000000001143f8       0x18 binaries/rfscontrol.o
 .rodata.str1.1
                0x0000000000114410       0x10 binaries/rfsinit.o
 .rodata.str1.4
                0x0000000000114410       0x57 binaries/rfsinit.o
 *fill*         0x0000000000114467        0x1 
 .rodata.str1.4
                0x0000000000114468       0x2a binaries/rfsndmsg.o
 .rodata.str1.4
                0x0000000000114492       0x22 binaries/rfsopen.o
 .rodata.str1.1
                0x0000000000114492       0x19 binaries/arp.o
 *fill*         0x00000000001144ab        0x1 
 .rodata.str1.4
                0x00000000001144ac       0x21 binaries/arp.o
 *fill*         0x00000000001144cd        0x3 
 .rodata.str1.4
                0x00000000001144d0       0xa6 binaries/dhcp.o
 .rodata.str1.1
                0x0000000000114576       0x4a binaries/dhcp.o
 .rodata.str1.1
                0x00000000001145c0       0x5a binaries/hexdump.o
                                         0x61 (size before relaxing)
 *fill*         0x000000000011461a        0x2 
 .rodata.str1.4
                0x000000000011461c       0x67 binaries/hexdump.o
 *fill*         0x0000000000114683        0x1 
 .rodata.str1.4
                0x0000000000114684       0x29 binaries/icmp.o
 .rodata.str1.1
                0x00000000001146ad       0x4e binaries/ip.o
 *fill*         0x00000000001146fb        0x1 
 .rodata.str1.4
                0x00000000001146fc       0x20 binaries/ip.o
 .rodata.str1.4
                0x000000000011471c       0x28 binaries/net.o
 .rodata.str1.1
                0x0000000000114744       0x27 binaries/net.o
 *fill*         0x000000000011476b        0x1 
 .rodata.str1.4
                0x000000000011476c       0xcf binaries/netstart.o
 .rodata.str1.1
                0x000000000011483b      0x141 binaries/pdump.o
                                        0x14b (size before relaxing)
 .rodata.str1.4
                0x000000000011497c      0x126 binaries/pdump.o
 *fill*         0x0000000000114aa2        0x2 
 .rodata.str1.4
                0x0000000000114aa4      0x148 binaries/tftp.o
 .rodata.str1.1
                0x0000000000114bec        0x6 binaries/tftp.o
                                          0xa (size before relaxing)
 .rodata.str1.1
                0x0000000000114bf2       0xe3 binaries/shell.o
                                         0xff (size before relaxing)
 *fill*         0x0000000000114cd5        0x3 
 .rodata.str1.4
                0x0000000000114cd8      0x1c4 binaries/shell.o
 .rodata.str1.1
                0x0000000000114e9c       0x26 binaries/xsh_argecho.o
                                         0x28 (size before relaxing)
 .rodata.str1.1
                0x0000000000114ec2       0x70 binaries/xsh_arp.o
                                         0x72 (size before relaxing)
 *fill*         0x0000000000114f32        0x2 
 .rodata.str1.4
                0x0000000000114f34       0xb4 binaries/xsh_arp.o
 .rodata.str1.1
                0x0000000000114fe8       0x2d binaries/xsh_cat.o
                                         0x4f (size before relaxing)
 *fill*         0x0000000000115015        0x3 
 .rodata.str1.4
                0x0000000000115018       0x52 binaries/xsh_cat.o
                                         0x79 (size before relaxing)
 .rodata.str1.1
                0x000000000011506a       0x15 binaries/xsh_clear.o
 .rodata.str1.1
                0x000000000011507f       0x46 binaries/xsh_date.o
                                         0x5f (size before relaxing)
 *fill*         0x00000000001150c5        0x3 
 .rodata.str1.4
                0x00000000001150c8      0x163 binaries/xsh_date.o
 .rodata.str1.1
                0x000000000011522b       0x5d binaries/xsh_devdump.o
 .rodata.str1.1
                0x0000000000115288        0x4 binaries/xsh_echo.o
                                          0x9 (size before relaxing)
 .rodata.str1.1
                0x000000000011528c       0x65 binaries/xsh_help.o
                                         0xa3 (size before relaxing)
 *fill*         0x00000000001152f1        0x3 
 .rodata.str1.4
                0x00000000001152f4       0x7c binaries/xsh_help.o
                                         0xc6 (size before relaxing)
 .rodata.str1.1
                0x0000000000115370       0x9c binaries/xsh_ipaddr.o
                                         0xf8 (size before relaxing)
 .rodata.str1.4
                0x000000000011540c       0x4d binaries/xsh_ipaddr.o
                                         0x99 (size before relaxing)
 .rodata.str1.1
                0x0000000000115459       0x78 binaries/xsh_kill.o
                                         0x97 (size before relaxing)
 *fill*         0x00000000001154d1        0x3 
 .rodata.str1.4
                0x00000000001154d4       0x4a binaries/xsh_kill.o
                                         0x96 (size before relaxing)
 .rodata.str1.1
                0x000000000011551e       0x81 binaries/xsh_memdump.o
                                         0xa8 (size before relaxing)
 *fill*         0x000000000011559f        0x1 
 .rodata.str1.4
                0x00000000001155a0      0x15a binaries/xsh_memdump.o
                                        0x1aa (size before relaxing)
 .rodata.str1.1
                0x00000000001156fa       0x40 binaries/xsh_memstat.o
                                         0x79 (size before relaxing)
 *fill*         0x000000000011573a        0x2 
 .rodata.str1.4
                0x000000000011573c      0x187 binaries/xsh_memstat.o
                                        0x1af (size before relaxing)
 .rodata.str1.1
                0x00000000001158c3       0x90 binaries/xsh_ping.o
                                         0xaf (size before relaxing)
 *fill*         0x0000000000115953        0x1 
 .rodata.str1.4
                0x0000000000115954       0x77 binaries/xsh_ping.o
                                         0xc6 (size before relaxing)
 .rodata.str1.1
                0x00000000001159cb       0x74 binaries/xsh_ps.o
                                         0xd5 (size before relaxing)
 *fill*         0x0000000000115a3f        0x1 
 .rodata.str1.4
                0x0000000000115a40       0x80 binaries/xsh_ps.o
                                         0xd0 (size before relaxing)
 .rodata.str1.1
                0x0000000000115ac0       0x31 binaries/xsh_sleep.o
                                         0x72 (size before relaxing)
 *fill*         0x0000000000115af1        0x3 
 .rodata.str1.4
                0x0000000000115af4       0x2a binaries/xsh_sleep.o
                                         0x7a (size before relaxing)
 .rodata.str1.1
                0x0000000000115b1e       0x6b binaries/xsh_udpdump.o
                                         0xd2 (size before relaxing)
 *fill*         0x0000000000115b89        0x3 
 .rodata.str1.4
                0x0000000000115b8c       0x94 binaries/xsh_udpdump.o
                                         0xe4 (size before relaxing)
 .rodata.str1.1
                0x0000000000115c20       0xdb binaries/xsh_udpecho.o
                                         0xfa (size before relaxing)
 *fill*         0x0000000000115cfb        0x1 
 .rodata.str1.4
                0x0000000000115cfc       0xc7 binaries/xsh_udpecho.o
                                        0x116 (size before relaxing)
 .rodata.str1.1
                0x0000000000115dc3       0x66 binaries/xsh_udpeserver.o
                                         0x8f (size before relaxing)
 *fill*         0x0000000000115e29        0x3 
 .rodata.str1.4
                0x0000000000115e2c       0x29 binaries/xsh_udpeserver.o
                                         0x9f (size before relaxing)
 .rodata.str1.1
                0x0000000000115e55       0x49 binaries/xsh_uptime.o
                                         0x8c (size before relaxing)
 *fill*         0x0000000000115e9e        0x2 
 .rodata.str1.4
                0x0000000000115ea0       0x28 binaries/xsh_uptime.o
                                         0x76 (size before relaxing)
                0x0000000000115ec8                etext = ABSOLUTE (.)
                0x0000000000116000                . = ALIGN (0x1000)
 *fill*         0x0000000000115ec8      0x138 

.eh_frame       0x0000000000116000     0x713c
 .eh_frame      0x0000000000116000       0x98 binaries/ascdate.o
 .eh_frame      0x0000000000116098       0x28 binaries/bufinit.o
                                         0x40 (size before relaxing)
 .eh_frame      0x00000000001160c0       0x98 binaries/chprio.o
                                         0xc4 (size before relaxing)
 .eh_frame      0x0000000000116158       0x30 binaries/clkhandler.o
                                         0x5c (size before relaxing)
 .eh_frame      0x0000000000116188       0x48 binaries/clkinit.o
                                         0x74 (size before relaxing)
 .eh_frame      0x00000000001161d0       0x44 binaries/close.o
                                         0x70 (size before relaxing)
 .eh_frame      0x0000000000116214       0x48 binaries/control.o
                                         0x74 (size before relaxing)
 .eh_frame      0x000000000011625c       0x5c binaries/create.o
                                         0x88 (size before relaxing)
 .eh_frame      0x00000000001162b8      0x164 binaries/early_imr.o
                                        0x190 (size before relaxing)
 .eh_frame      0x000000000011641c      0x1f8 binaries/evec.o
                                        0x224 (size before relaxing)
 .eh_frame      0x0000000000116614       0x58 binaries/freebuf.o
                                         0x84 (size before relaxing)
 .eh_frame      0x000000000011666c       0x5c binaries/freemem.o
                                         0x88 (size before relaxing)
 .eh_frame      0x00000000001166c8       0x50 binaries/getbuf.o
                                         0x7c (size before relaxing)
 .eh_frame      0x0000000000116718       0x44 binaries/getc.o
                                         0x70 (size before relaxing)
 .eh_frame      0x000000000011675c       0x60 binaries/getdev.o
                                         0x8c (size before relaxing)
 .eh_frame      0x00000000001167bc       0x68 binaries/getitem.o
                                         0x94 (size before relaxing)
 .eh_frame      0x0000000000116824       0x54 binaries/getmem.o
                                         0x80 (size before relaxing)
 .eh_frame      0x0000000000116878       0x14 binaries/getpid.o
                                         0x40 (size before relaxing)
 .eh_frame      0x000000000011688c       0x40 binaries/getprio.o
                                         0x6c (size before relaxing)
 .eh_frame      0x00000000001168cc       0x5c binaries/getstk.o
                                         0x88 (size before relaxing)
 .eh_frame      0x0000000000116928       0x2c binaries/gettime.o
                                         0x58 (size before relaxing)
 .eh_frame      0x0000000000116954       0x98 binaries/getutime.o
                                         0xc4 (size before relaxing)
 .eh_frame      0x00000000001169ec       0x44 binaries/init.o
                                         0x70 (size before relaxing)
 .eh_frame      0x0000000000116a30      0x144 binaries/initialize.o
                                        0x184 (size before relaxing)
 .eh_frame      0x0000000000116b74       0x50 binaries/insert.o
                                         0x68 (size before relaxing)
 .eh_frame      0x0000000000116bc4       0x54 binaries/insertd.o
                                         0x6c (size before relaxing)
 .eh_frame      0x0000000000116c18       0x14 binaries/ioerr.o
                                         0x2c (size before relaxing)
 .eh_frame      0x0000000000116c2c       0x14 binaries/ionull.o
                                         0x2c (size before relaxing)
 .eh_frame      0x0000000000116c40       0x78 binaries/kill.o
                                         0xa4 (size before relaxing)
 .eh_frame      0x0000000000116cb8       0x90 binaries/kprintf.o
                                         0xd0 (size before relaxing)
 .eh_frame      0x0000000000116d48       0xfc binaries/main.o
                                        0x128 (size before relaxing)
 .eh_frame      0x0000000000116e44       0x6c binaries/main_original.o
                                         0x98 (size before relaxing)
 .eh_frame      0x0000000000116eb0       0x64 binaries/mark.o
                                         0x90 (size before relaxing)
 .eh_frame      0x0000000000116f14       0x80 binaries/meminit.o
                                         0xac (size before relaxing)
 .eh_frame      0x0000000000116f94       0x78 binaries/mkbufpool.o
                                         0xa4 (size before relaxing)
 .eh_frame      0x000000000011700c       0x30 binaries/newqueue.o
                                         0x48 (size before relaxing)
 .eh_frame      0x000000000011703c       0x48 binaries/open.o
                                         0x74 (size before relaxing)
 .eh_frame      0x0000000000117084       0x28 binaries/panic.o
                                         0x54 (size before relaxing)
 .eh_frame      0x00000000001170ac       0xf4 binaries/pci.o
                                        0x10c (size before relaxing)
 .eh_frame      0x00000000001171a0       0x40 binaries/platinit.o
                                         0x6c (size before relaxing)
 .eh_frame      0x00000000001171e0       0x6c binaries/ptclear.o
                                         0x98 (size before relaxing)
 .eh_frame      0x000000000011724c       0x64 binaries/ptcount.o
                                         0x90 (size before relaxing)
 .eh_frame      0x00000000001172b0       0x60 binaries/ptcreate.o
                                         0x8c (size before relaxing)
 .eh_frame      0x0000000000117310       0x48 binaries/ptdelete.o
                                         0x74 (size before relaxing)
 .eh_frame      0x0000000000117358       0x44 binaries/ptinit.o
                                         0x70 (size before relaxing)
 .eh_frame      0x000000000011739c       0x64 binaries/ptrecv.o
                                         0x90 (size before relaxing)
 .eh_frame      0x0000000000117400       0x48 binaries/ptreset.o
                                         0x74 (size before relaxing)
 .eh_frame      0x0000000000117448       0x70 binaries/ptsend.o
                                         0x9c (size before relaxing)
 .eh_frame      0x00000000001174b8       0x54 binaries/putc.o
                                         0x80 (size before relaxing)
 .eh_frame      0x000000000011750c       0x6c binaries/quark_irq.o
                                         0x98 (size before relaxing)
 .eh_frame      0x0000000000117578       0xe8 binaries/quark_pdat.o
                                        0x114 (size before relaxing)
 .eh_frame      0x0000000000117660       0x4c binaries/queue.o
                                         0x78 (size before relaxing)
 .eh_frame      0x00000000001176ac       0x48 binaries/read.o
                                         0x74 (size before relaxing)
 .eh_frame      0x00000000001176f4       0x40 binaries/ready.o
                                         0x6c (size before relaxing)
 .eh_frame      0x0000000000117734       0x50 binaries/receive.o
                                         0x7c (size before relaxing)
 .eh_frame      0x0000000000117784       0x38 binaries/recvclr.o
                                         0x64 (size before relaxing)
 .eh_frame      0x00000000001177bc       0x60 binaries/recvtime.o
                                         0x8c (size before relaxing)
 .eh_frame      0x000000000011781c       0x84 binaries/resched.o
                                         0xc4 (size before relaxing)
 .eh_frame      0x00000000001178a0       0x5c binaries/resume.o
                                         0x88 (size before relaxing)
 .eh_frame      0x00000000001178fc       0x44 binaries/seek.o
                                         0x70 (size before relaxing)
 .eh_frame      0x0000000000117940       0x40 binaries/semcount.o
                                         0x6c (size before relaxing)
 .eh_frame      0x0000000000117980       0x54 binaries/semcreate.o
                                         0x80 (size before relaxing)
 .eh_frame      0x00000000001179d4       0x6c binaries/semdelete.o
                                         0x98 (size before relaxing)
 .eh_frame      0x0000000000117a40       0x6c binaries/semreset.o
                                         0x98 (size before relaxing)
 .eh_frame      0x0000000000117aac       0x60 binaries/send.o
                                         0x8c (size before relaxing)
 .eh_frame      0x0000000000117b0c       0x54 binaries/signal.o
                                         0x80 (size before relaxing)
 .eh_frame      0x0000000000117b60       0x70 binaries/signaln.o
                                         0x9c (size before relaxing)
 .eh_frame      0x0000000000117bd0       0x80 binaries/sleep.o
                                         0xac (size before relaxing)
 .eh_frame      0x0000000000117c50       0x54 binaries/suspend.o
                                         0x80 (size before relaxing)
 .eh_frame      0x0000000000117ca4       0x4c binaries/unsleep.o
                                         0x78 (size before relaxing)
 .eh_frame      0x0000000000117cf0       0x28 binaries/userret.o
                                         0x54 (size before relaxing)
 .eh_frame      0x0000000000117d18       0x58 binaries/wait.o
                                         0x84 (size before relaxing)
 .eh_frame      0x0000000000117d70       0x48 binaries/wakeup.o
                                         0x74 (size before relaxing)
 .eh_frame      0x0000000000117db8       0x48 binaries/write.o
                                         0x74 (size before relaxing)
 .eh_frame      0x0000000000117e00       0x24 binaries/xdone.o
                                         0x50 (size before relaxing)
 .eh_frame      0x0000000000117e24       0x30 binaries/yield.o
                                         0x5c (size before relaxing)
 .eh_frame      0x0000000000117e54       0x14 binaries/abs.o
                                         0x2c (size before relaxing)
 .eh_frame      0x0000000000117e68       0x28 binaries/atoi.o
                                         0x40 (size before relaxing)
 .eh_frame      0x0000000000117e90       0x28 binaries/atol.o
                                         0x40 (size before relaxing)
 .eh_frame      0x0000000000117eb8       0x14 binaries/bzero.o
                                         0x2c (size before relaxing)
 .eh_frame      0x0000000000117ecc      0x174 binaries/doprnt.o
                                        0x1a0 (size before relaxing)
 .eh_frame      0x0000000000118040      0x108 binaries/doscan.o
                                        0x134 (size before relaxing)
 .eh_frame      0x0000000000118148      0x114 binaries/fdoprnt.o
                                        0x140 (size before relaxing)
 .eh_frame      0x000000000011825c       0x2c binaries/fgetc.o
                                         0x58 (size before relaxing)
 .eh_frame      0x0000000000118288       0x48 binaries/fgets.o
                                         0x74 (size before relaxing)
 .eh_frame      0x00000000001182d0       0x2c binaries/fprintf.o
                                         0x58 (size before relaxing)
 .eh_frame      0x00000000001182fc       0x2c binaries/fputc.o
                                         0x58 (size before relaxing)
 .eh_frame      0x0000000000118328       0x3c binaries/fputs.o
                                         0x68 (size before relaxing)
 .eh_frame      0x0000000000118364       0x7c binaries/fscanf.o
                                         0xa8 (size before relaxing)
 .eh_frame      0x00000000001183e0       0x24 binaries/getchar.o
                                         0x50 (size before relaxing)
 .eh_frame      0x0000000000118404       0x14 binaries/labs.o
                                         0x2c (size before relaxing)
 .eh_frame      0x0000000000118418       0x14 binaries/memchr.o
                                         0x2c (size before relaxing)
 .eh_frame      0x000000000011842c       0x28 binaries/memcmp.o
                                         0x40 (size before relaxing)
 .eh_frame      0x0000000000118454       0x24 binaries/memcpy.o
                                         0x3c (size before relaxing)
 .eh_frame      0x0000000000118478       0x1c binaries/memset.o
                                         0x34 (size before relaxing)
 .eh_frame      0x0000000000118494       0x2c binaries/printf.o
                                         0x58 (size before relaxing)
 .eh_frame      0x00000000001184c0       0x28 binaries/putchar.o
                                         0x54 (size before relaxing)
 .eh_frame      0x00000000001184e8       0xc8 binaries/qsort.o
                                        0x11c (size before relaxing)
 .eh_frame      0x00000000001185b0       0x28 binaries/rand.o
                                         0x68 (size before relaxing)
 .eh_frame      0x00000000001185d8       0x54 binaries/sprintf.o
                                         0x80 (size before relaxing)
 .eh_frame      0x000000000011862c       0x5c binaries/sscanf.o
                                         0x88 (size before relaxing)
 .eh_frame      0x0000000000118688       0x20 binaries/strchr.o
                                         0x38 (size before relaxing)
 .eh_frame      0x00000000001186a8       0x20 binaries/strcmp.o
                                         0x38 (size before relaxing)
 .eh_frame      0x00000000001186c8       0x14 binaries/strcpy.o
                                         0x2c (size before relaxing)
 .eh_frame      0x00000000001186dc       0x14 binaries/strlen.o
                                         0x2c (size before relaxing)
 .eh_frame      0x00000000001186f0       0x2c binaries/strncat.o
                                         0x44 (size before relaxing)
 .eh_frame      0x000000000011871c       0x1c binaries/strncmp.o
                                         0x34 (size before relaxing)
 .eh_frame      0x0000000000118738       0x30 binaries/strncpy.o
                                         0x48 (size before relaxing)
 .eh_frame      0x0000000000118768       0x14 binaries/strnlen.o
                                         0x2c (size before relaxing)
 .eh_frame      0x000000000011877c       0x20 binaries/strrchr.o
                                         0x38 (size before relaxing)
 .eh_frame      0x000000000011879c       0x3c binaries/strstr.o
                                         0x54 (size before relaxing)
 .eh_frame      0x00000000001187d8       0x58 binaries/ttycontrol.o
                                         0x84 (size before relaxing)
 .eh_frame      0x0000000000118830       0x44 binaries/ttygetc.o
                                         0x70 (size before relaxing)
 .eh_frame      0x0000000000118874       0xe0 binaries/ttyhandle_in.o
                                        0x10c (size before relaxing)
 .eh_frame      0x0000000000118954       0x68 binaries/ttyhandle_out.o
                                         0x94 (size before relaxing)
 .eh_frame      0x00000000001189bc       0x5c binaries/ttyhandler.o
                                         0x88 (size before relaxing)
 .eh_frame      0x0000000000118a18       0x4c binaries/ttyinit.o
                                         0x78 (size before relaxing)
 .eh_frame      0x0000000000118a64       0x14 binaries/ttykickout.o
                                         0x2c (size before relaxing)
 .eh_frame      0x0000000000118a78       0x64 binaries/ttyputc.o
                                         0x90 (size before relaxing)
 .eh_frame      0x0000000000118adc       0x64 binaries/ttyread.o
                                         0x90 (size before relaxing)
 .eh_frame      0x0000000000118b40       0x4c binaries/ttywrite.o
                                         0x78 (size before relaxing)
 .eh_frame      0x0000000000118b8c       0x7c binaries/mount.o
                                         0xa8 (size before relaxing)
 .eh_frame      0x0000000000118c08       0xe4 binaries/naminit.o
                                        0x110 (size before relaxing)
 .eh_frame      0x0000000000118cec       0xf0 binaries/nammap.o
                                        0x130 (size before relaxing)
 .eh_frame      0x0000000000118ddc       0x48 binaries/namopen.o
                                         0x74 (size before relaxing)
 .eh_frame      0x0000000000118e24       0x3c binaries/colon2mac.o
                                         0x68 (size before relaxing)
 .eh_frame      0x0000000000118e60       0x4c binaries/ethcontrol.o
                                         0x78 (size before relaxing)
 .eh_frame      0x0000000000118eac       0x58 binaries/ethhandler.o
                                         0x84 (size before relaxing)
 .eh_frame      0x0000000000118f04      0x154 binaries/ethinit.o
                                        0x180 (size before relaxing)
 .eh_frame      0x0000000000119058       0xa8 binaries/ethmcast.o
                                         0xd4 (size before relaxing)
 .eh_frame      0x0000000000119100       0x80 binaries/ethread.o
                                         0xac (size before relaxing)
 .eh_frame      0x0000000000119180       0x48 binaries/ethwrite.o
                                         0x74 (size before relaxing)
 .eh_frame      0x00000000001191c8       0x3c binaries/rdsbufalloc.o
                                         0x68 (size before relaxing)
 .eh_frame      0x0000000000119204       0x3c binaries/rdsclose.o
                                         0x68 (size before relaxing)
 .eh_frame      0x0000000000119240       0x90 binaries/rdscomm.o
                                         0xbc (size before relaxing)
 .eh_frame      0x00000000001192d0       0xb4 binaries/rdscontrol.o
                                         0xe0 (size before relaxing)
 .eh_frame      0x0000000000119384       0x9c binaries/rdsinit.o
                                         0xc8 (size before relaxing)
 .eh_frame      0x0000000000119420       0x80 binaries/rdsopen.o
                                         0xac (size before relaxing)
 .eh_frame      0x00000000001194a0       0xf8 binaries/rdsprocess.o
                                        0x124 (size before relaxing)
 .eh_frame      0x0000000000119598       0x7c binaries/rdsread.o
                                         0xa8 (size before relaxing)
 .eh_frame      0x0000000000119614       0x80 binaries/rdswrite.o
                                         0xac (size before relaxing)
 .eh_frame      0x0000000000119694       0x14 binaries/ramclose.o
                                         0x2c (size before relaxing)
 .eh_frame      0x00000000001196a8       0x40 binaries/raminit.o
                                         0x6c (size before relaxing)
 .eh_frame      0x00000000001196e8       0x14 binaries/ramopen.o
                                         0x2c (size before relaxing)
 .eh_frame      0x00000000001196fc       0x2c binaries/ramread.o
                                         0x58 (size before relaxing)
 .eh_frame      0x0000000000119728       0x2c binaries/ramwrite.o
                                         0x58 (size before relaxing)
 .eh_frame      0x0000000000119754       0x80 binaries/lfdballoc.o
                                         0xac (size before relaxing)
 .eh_frame      0x00000000001197d4       0x50 binaries/lfdbfree.o
                                         0x7c (size before relaxing)
 .eh_frame      0x0000000000119824       0x5c binaries/lfflush.o
                                         0x88 (size before relaxing)
 .eh_frame      0x0000000000119880       0x14 binaries/lfgetmode.o
                                         0x2c (size before relaxing)
 .eh_frame      0x0000000000119894       0x5c binaries/lfiballoc.o
                                         0x88 (size before relaxing)
 .eh_frame      0x00000000001198f0       0x14 binaries/lfibclear.o
                                         0x2c (size before relaxing)
 .eh_frame      0x0000000000119904       0x4c binaries/lfibget.o
                                         0x78 (size before relaxing)
 .eh_frame      0x0000000000119950       0x68 binaries/lfibput.o
                                         0x94 (size before relaxing)
 .eh_frame      0x00000000001199b8       0x54 binaries/lflclose.o
                                         0x80 (size before relaxing)
 .eh_frame      0x0000000000119a0c       0x74 binaries/lflcontrol.o
                                         0xa0 (size before relaxing)
 .eh_frame      0x0000000000119a80       0x6c binaries/lflgetc.o
                                         0x98 (size before relaxing)
 .eh_frame      0x0000000000119aec       0x5c binaries/lflinit.o
                                         0x88 (size before relaxing)
 .eh_frame      0x0000000000119b48       0x6c binaries/lflputc.o
                                         0x98 (size before relaxing)
 .eh_frame      0x0000000000119bb4       0x48 binaries/lflread.o
                                         0x74 (size before relaxing)
 .eh_frame      0x0000000000119bfc       0x60 binaries/lflseek.o
                                         0x8c (size before relaxing)
 .eh_frame      0x0000000000119c5c       0x48 binaries/lflwrite.o
                                         0x74 (size before relaxing)
 .eh_frame      0x0000000000119ca4       0xd4 binaries/lfsckfmt.o
                                        0x100 (size before relaxing)
 .eh_frame      0x0000000000119d78       0xd4 binaries/lfscreate.o
                                        0x100 (size before relaxing)
 .eh_frame      0x0000000000119e4c       0xbc binaries/lfsetup.o
                                         0xe8 (size before relaxing)
 .eh_frame      0x0000000000119f08       0x38 binaries/lfsinit.o
                                         0x64 (size before relaxing)
 .eh_frame      0x0000000000119f40       0x90 binaries/lfsopen.o
                                         0xbc (size before relaxing)
 .eh_frame      0x0000000000119fd0       0x84 binaries/lftruncate.o
                                         0xb0 (size before relaxing)
 .eh_frame      0x000000000011a054       0x3c binaries/rflclose.o
                                         0x68 (size before relaxing)
 .eh_frame      0x000000000011a090       0x30 binaries/rflgetc.o
                                         0x5c (size before relaxing)
 .eh_frame      0x000000000011a0c0       0x30 binaries/rflinit.o
                                         0x5c (size before relaxing)
 .eh_frame      0x000000000011a0f0       0x30 binaries/rflputc.o
                                         0x5c (size before relaxing)
 .eh_frame      0x000000000011a120       0xdc binaries/rflread.o
                                        0x108 (size before relaxing)
 .eh_frame      0x000000000011a1fc       0x3c binaries/rflseek.o
                                         0x68 (size before relaxing)
 .eh_frame      0x000000000011a238       0xd0 binaries/rflwrite.o
                                         0xfc (size before relaxing)
 .eh_frame      0x000000000011a308       0x88 binaries/rfscomm.o
                                         0xb4 (size before relaxing)
 .eh_frame      0x000000000011a390      0x11c binaries/rfscontrol.o
                                        0x148 (size before relaxing)
 .eh_frame      0x000000000011a4ac       0x14 binaries/rfsgetmode.o
                                         0x2c (size before relaxing)
 .eh_frame      0x000000000011a4c0       0x50 binaries/rfsinit.o
                                         0x7c (size before relaxing)
 .eh_frame      0x000000000011a510       0x50 binaries/rfsndmsg.o
                                         0x7c (size before relaxing)
 .eh_frame      0x000000000011a560       0xdc binaries/rfsopen.o
                                        0x108 (size before relaxing)
 .eh_frame      0x000000000011a63c      0x27c binaries/arp.o
                                        0x2bc (size before relaxing)
 .eh_frame      0x000000000011a8b8      0x284 binaries/dhcp.o
                                        0x2b0 (size before relaxing)
 .eh_frame      0x000000000011ab3c       0x40 binaries/dot2ip.o
                                         0x58 (size before relaxing)
 .eh_frame      0x000000000011ab7c      0x1bc binaries/hexdump.o
                                        0x1e8 (size before relaxing)
 .eh_frame      0x000000000011ad38      0x310 binaries/icmp.o
                                        0x350 (size before relaxing)
 .eh_frame      0x000000000011b048      0x2e8 binaries/ip.o
                                        0x314 (size before relaxing)
 .eh_frame      0x000000000011b330      0x138 binaries/net.o
                                        0x164 (size before relaxing)
 .eh_frame      0x000000000011b468       0x74 binaries/netstart.o
                                         0xa0 (size before relaxing)
 .eh_frame      0x000000000011b4dc      0x394 binaries/pdump.o
                                        0x3c0 (size before relaxing)
 .eh_frame      0x000000000011b870      0x260 binaries/tftp.o
                                        0x28c (size before relaxing)
 .eh_frame      0x000000000011bad0      0x36c binaries/udp.o
                                        0x3ac (size before relaxing)
 .eh_frame      0x000000000011be3c       0x68 binaries/addargs.o
                                         0x94 (size before relaxing)
 .eh_frame      0x000000000011bea4       0x40 binaries/lexan.o
                                         0x58 (size before relaxing)
 .eh_frame      0x000000000011bee4      0x24c binaries/shell.o
                                        0x278 (size before relaxing)
 .eh_frame      0x000000000011c130       0x5c binaries/xsh_argecho.o
                                         0x88 (size before relaxing)
 .eh_frame      0x000000000011c18c       0xe0 binaries/xsh_arp.o
                                        0x10c (size before relaxing)
 .eh_frame      0x000000000011c26c       0xb0 binaries/xsh_cat.o
                                         0xdc (size before relaxing)
 .eh_frame      0x000000000011c31c       0x3c binaries/xsh_clear.o
                                         0x68 (size before relaxing)
 .eh_frame      0x000000000011c358      0x108 binaries/xsh_date.o
                                        0x134 (size before relaxing)
 .eh_frame      0x000000000011c460       0x64 binaries/xsh_devdump.o
                                         0x90 (size before relaxing)
 .eh_frame      0x000000000011c4c4       0x5c binaries/xsh_echo.o
                                         0x88 (size before relaxing)
 .eh_frame      0x000000000011c520       0x14 binaries/xsh_exit.o
                                         0x2c (size before relaxing)
 .eh_frame      0x000000000011c534       0xd4 binaries/xsh_help.o
                                        0x100 (size before relaxing)
 .eh_frame      0x000000000011c608      0x194 binaries/xsh_ipaddr.o
                                        0x1c0 (size before relaxing)
 .eh_frame      0x000000000011c79c       0xac binaries/xsh_kill.o
                                         0xd8 (size before relaxing)
 .eh_frame      0x000000000011c848      0x130 binaries/xsh_memdump.o
                                        0x15c (size before relaxing)
 .eh_frame      0x000000000011c978       0xbc binaries/xsh_memstat.o
                                         0xe8 (size before relaxing)
 .eh_frame      0x000000000011ca34      0x10c binaries/xsh_ping.o
                                        0x138 (size before relaxing)
 .eh_frame      0x000000000011cb40       0xd8 binaries/xsh_ps.o
                                        0x104 (size before relaxing)
 .eh_frame      0x000000000011cc18       0xac binaries/xsh_sleep.o
                                         0xd8 (size before relaxing)
 .eh_frame      0x000000000011ccc4       0xe8 binaries/xsh_udpdump.o
                                        0x114 (size before relaxing)
 .eh_frame      0x000000000011cdac      0x1b0 binaries/xsh_udpecho.o
                                        0x1dc (size before relaxing)
 .eh_frame      0x000000000011cf5c      0x128 binaries/xsh_udpeserver.o
                                        0x154 (size before relaxing)
 .eh_frame      0x000000000011d084       0xb8 binaries/xsh_uptime.o
                                         0xe4 (size before relaxing)

.iplt           0x000000000011d140        0x0
 .iplt          0x000000000011d140        0x0 binaries/start.o

.rel.dyn        0x000000000011d13c        0x0
 .rel.got       0x000000000011d13c        0x0 binaries/start.o
 .rel.iplt      0x000000000011d13c        0x0 binaries/start.o
 .rel.text      0x000000000011d13c        0x0 binaries/start.o

.data           0x000000000011d140      0xec0
                0x000000000011d140                data = ABSOLUTE (.)
 *(.data .data.*)
 .data          0x000000000011d140      0x85a binaries/start.o
                0x000000000011d140                gdt
                0x000000000011d190                idt
                0x000000000011d996                cpudelay
 .data          0x000000000011d99a        0x0 binaries/ascdate.o
 *fill*         0x000000000011d99a        0x6 
 .data.rel.local
                0x000000000011d9a0       0x88 binaries/ascdate.o
                0x000000000011d9a0                Date
 .data          0x000000000011da28        0x0 binaries/bufinit.o
 .data          0x000000000011da28        0x0 binaries/chprio.o
 .data          0x000000000011da28        0x4 binaries/clkhandler.o
 .data          0x000000000011da2c        0x0 binaries/clkinit.o
 .data          0x000000000011da2c        0x0 binaries/close.o
 .data          0x000000000011da2c        0x0 binaries/conf.o
 *fill*         0x000000000011da2c       0x14 
 .data.rel      0x000000000011da40      0x30c binaries/conf.o
                0x000000000011da40                devtab
 .data          0x000000000011dd4c        0x0 binaries/control.o
 .data          0x000000000011dd4c        0x4 binaries/create.o
 .data          0x000000000011dd50        0x0 binaries/early_imr.o
 .data          0x000000000011dd50        0x0 binaries/evec.o
 *fill*         0x000000000011dd50       0x10 
 .data.rel.local
                0x000000000011dd60       0x40 binaries/evec.o
                0x000000000011dd60                inames
 .data          0x000000000011dda0        0x0 binaries/freebuf.o
 .data          0x000000000011dda0        0x0 binaries/freemem.o
 .data          0x000000000011dda0        0x0 binaries/getbuf.o
 .data          0x000000000011dda0        0x0 binaries/getc.o
 .data          0x000000000011dda0        0x0 binaries/getdev.o
 .data          0x000000000011dda0        0x0 binaries/getitem.o
 .data          0x000000000011dda0        0x0 binaries/getmem.o
 .data          0x000000000011dda0        0x0 binaries/getpid.o
 .data          0x000000000011dda0        0x0 binaries/getprio.o
 .data          0x000000000011dda0        0x0 binaries/getstk.o
 .data          0x000000000011dda0        0x0 binaries/gettime.o
 .data          0x000000000011dda0        0x0 binaries/getutime.o
 .data          0x000000000011dda0        0x0 binaries/init.o
 .data          0x000000000011dda0        0x0 binaries/initialize.o
 .data          0x000000000011dda0        0x0 binaries/insert.o
 .data          0x000000000011dda0        0x0 binaries/insertd.o
 .data          0x000000000011dda0        0x0 binaries/ioerr.o
 .data          0x000000000011dda0        0x0 binaries/ionull.o
 .data          0x000000000011dda0        0x0 binaries/kill.o
 .data          0x000000000011dda0        0x0 binaries/kprintf.o
 .data          0x000000000011dda0        0x4 binaries/main.o
                0x000000000011dda0                think
 .data          0x000000000011dda4        0x0 binaries/main_original.o
 .data          0x000000000011dda4        0x0 binaries/mark.o
 *fill*         0x000000000011dda4       0x1c 
 .data          0x000000000011ddc0       0x48 binaries/meminit.o
                0x000000000011ddc0                gdt_copy
                0x000000000011de00                bootinfo
                0x000000000011de04                bootsign
 .data          0x000000000011de08        0x0 binaries/mkbufpool.o
 .data          0x000000000011de08        0x2 binaries/newqueue.o
 .data          0x000000000011de0a        0x0 binaries/open.o
 .data          0x000000000011de0a        0x0 binaries/panic.o
 .data          0x000000000011de0a        0x0 binaries/pci.o
 .data          0x000000000011de0a        0x0 binaries/platinit.o
 .data          0x000000000011de0a        0x0 binaries/ptclear.o
 .data          0x000000000011de0a        0x0 binaries/ptcount.o
 .data          0x000000000011de0a        0x0 binaries/ptcreate.o
 .data          0x000000000011de0a        0x0 binaries/ptdelete.o
 .data          0x000000000011de0a        0x0 binaries/ptinit.o
 .data          0x000000000011de0a        0x0 binaries/ptrecv.o
 .data          0x000000000011de0a        0x0 binaries/ptreset.o
 .data          0x000000000011de0a        0x0 binaries/ptsend.o
 .data          0x000000000011de0a        0x0 binaries/putc.o
 .data          0x000000000011de0a        0x0 binaries/quark_irq.o
 .data          0x000000000011de0a        0x0 binaries/quark_pdat.o
 .data          0x000000000011de0a        0x0 binaries/queue.o
 .data          0x000000000011de0a        0x0 binaries/read.o
 .data          0x000000000011de0a        0x0 binaries/ready.o
 .data          0x000000000011de0a        0x0 binaries/receive.o
 .data          0x000000000011de0a        0x0 binaries/recvclr.o
 .data          0x000000000011de0a        0x0 binaries/recvtime.o
 .data          0x000000000011de0a        0x0 binaries/resched.o
 .data          0x000000000011de0a        0x0 binaries/resume.o
 .data          0x000000000011de0a        0x0 binaries/seek.o
 .data          0x000000000011de0a        0x0 binaries/semcount.o
 .data          0x000000000011de0a        0x0 binaries/semcreate.o
 .data          0x000000000011de0a        0x0 binaries/semdelete.o
 .data          0x000000000011de0a        0x0 binaries/semreset.o
 .data          0x000000000011de0a        0x0 binaries/send.o
 .data          0x000000000011de0a        0x0 binaries/signal.o
 .data          0x000000000011de0a        0x0 binaries/signaln.o
 .data          0x000000000011de0a        0x0 binaries/sleep.o
 .data          0x000000000011de0a        0x0 binaries/suspend.o
 .data          0x000000000011de0a        0x0 binaries/unsleep.o
 .data          0x000000000011de0a        0x0 binaries/userret.o
 .data          0x000000000011de0a        0x0 binaries/wait.o
 .data          0x000000000011de0a        0x0 binaries/wakeup.o
 .data          0x000000000011de0a        0x0 binaries/write.o
 .data          0x000000000011de0a        0x0 binaries/xdone.o
 .data          0x000000000011de0a        0x0 binaries/yield.o
 .data          0x000000000011de0a        0x0 binaries/abs.o
 .data          0x000000000011de0a        0x0 binaries/atoi.o
 .data          0x000000000011de0a        0x0 binaries/atol.o
 .data          0x000000000011de0a        0x0 binaries/bzero.o
 .data          0x000000000011de0a        0x0 binaries/ctype_.o
 .data          0x000000000011de0a        0x0 binaries/doprnt.o
 *fill*         0x000000000011de0a       0x16 
 .data          0x000000000011de20       0x80 binaries/doscan.o
                0x000000000011de20                _sctab
 .data          0x000000000011dea0        0x0 binaries/fdoprnt.o
 .data          0x000000000011dea0        0x0 binaries/fgetc.o
 .data          0x000000000011dea0        0x0 binaries/fgets.o
 .data          0x000000000011dea0        0x0 binaries/fprintf.o
 .data          0x000000000011dea0        0x0 binaries/fputc.o
 .data          0x000000000011dea0        0x0 binaries/fputs.o
 .data          0x000000000011dea0        0x0 binaries/fscanf.o
 .data          0x000000000011dea0        0x0 binaries/getchar.o
 .data          0x000000000011dea0        0x0 binaries/labs.o
 .data          0x000000000011dea0        0x0 binaries/memchr.o
 .data          0x000000000011dea0        0x0 binaries/memcmp.o
 .data          0x000000000011dea0        0x0 binaries/memcpy.o
 .data          0x000000000011dea0        0x0 binaries/memset.o
 .data          0x000000000011dea0        0x0 binaries/printf.o
 .data          0x000000000011dea0        0x0 binaries/putchar.o
 .data          0x000000000011dea0        0x0 binaries/qsort.o
 .data          0x000000000011dea0        0x4 binaries/rand.o
 .data          0x000000000011dea4        0x0 binaries/sprintf.o
 .data          0x000000000011dea4        0x0 binaries/sscanf.o
 .data          0x000000000011dea4        0x0 binaries/strchr.o
 .data          0x000000000011dea4        0x0 binaries/strcmp.o
 .data          0x000000000011dea4        0x0 binaries/strcpy.o
 .data          0x000000000011dea4        0x0 binaries/strlen.o
 .data          0x000000000011dea4        0x0 binaries/strncat.o
 .data          0x000000000011dea4        0x0 binaries/strncmp.o
 .data          0x000000000011dea4        0x0 binaries/strncpy.o
 .data          0x000000000011dea4        0x0 binaries/strnlen.o
 .data          0x000000000011dea4        0x0 binaries/strrchr.o
 .data          0x000000000011dea4        0x0 binaries/strstr.o
 .data          0x000000000011dea4        0x0 binaries/ttycontrol.o
 .data          0x000000000011dea4        0x0 binaries/ttygetc.o
 .data          0x000000000011dea4        0x0 binaries/ttyhandle_in.o
 .data          0x000000000011dea4        0x0 binaries/ttyhandle_out.o
 .data          0x000000000011dea4        0x0 binaries/ttyhandler.o
 .data          0x000000000011dea4        0x0 binaries/ttyinit.o
 .data          0x000000000011dea4        0x0 binaries/ttykickout.o
 .data          0x000000000011dea4        0x0 binaries/ttyputc.o
 .data          0x000000000011dea4        0x0 binaries/ttyread.o
 .data          0x000000000011dea4        0x0 binaries/ttywrite.o
 .data          0x000000000011dea4        0x0 binaries/mount.o
 .data          0x000000000011dea4        0x0 binaries/naminit.o
 .data          0x000000000011dea4        0x0 binaries/nammap.o
 .data          0x000000000011dea4        0x0 binaries/namopen.o
 .data          0x000000000011dea4        0x0 binaries/colon2mac.o
 .data          0x000000000011dea4        0x0 binaries/ethcontrol.o
 .data          0x000000000011dea4        0x0 binaries/ethhandler.o
 .data          0x000000000011dea4        0x0 binaries/ethinit.o
 .data          0x000000000011dea4        0x0 binaries/ethmcast.o
 .data          0x000000000011dea4        0x0 binaries/ethread.o
 .data          0x000000000011dea4        0x0 binaries/ethwrite.o
 .data          0x000000000011dea4        0x0 binaries/rdsbufalloc.o
 .data          0x000000000011dea4        0x0 binaries/rdsclose.o
 .data          0x000000000011dea4        0x0 binaries/rdscomm.o
 .data          0x000000000011dea4        0x0 binaries/rdscontrol.o
 .data          0x000000000011dea4        0x0 binaries/rdsinit.o
 .data          0x000000000011dea4        0x0 binaries/rdsopen.o
 .data          0x000000000011dea4        0x0 binaries/rdsprocess.o
 .data          0x000000000011dea4        0x0 binaries/rdsread.o
 .data          0x000000000011dea4        0x0 binaries/rdswrite.o
 .data          0x000000000011dea4        0x0 binaries/ramclose.o
 .data          0x000000000011dea4        0x0 binaries/raminit.o
 .data          0x000000000011dea4        0x0 binaries/ramopen.o
 .data          0x000000000011dea4        0x0 binaries/ramread.o
 .data          0x000000000011dea4        0x0 binaries/ramwrite.o
 .data          0x000000000011dea4        0x0 binaries/lfdballoc.o
 .data          0x000000000011dea4        0x0 binaries/lfdbfree.o
 .data          0x000000000011dea4        0x0 binaries/lfflush.o
 .data          0x000000000011dea4        0x0 binaries/lfgetmode.o
 .data          0x000000000011dea4        0x0 binaries/lfiballoc.o
 .data          0x000000000011dea4        0x0 binaries/lfibclear.o
 .data          0x000000000011dea4        0x0 binaries/lfibget.o
 .data          0x000000000011dea4        0x0 binaries/lfibput.o
 .data          0x000000000011dea4        0x0 binaries/lflclose.o
 .data          0x000000000011dea4        0x0 binaries/lflcontrol.o
 .data          0x000000000011dea4        0x0 binaries/lflgetc.o
 .data          0x000000000011dea4        0x0 binaries/lflinit.o
 .data          0x000000000011dea4        0x0 binaries/lflputc.o
 .data          0x000000000011dea4        0x0 binaries/lflread.o
 .data          0x000000000011dea4        0x0 binaries/lflseek.o
 .data          0x000000000011dea4        0x0 binaries/lflwrite.o
 .data          0x000000000011dea4        0x0 binaries/lfsckfmt.o
 .data          0x000000000011dea4        0x0 binaries/lfscreate.o
 .data          0x000000000011dea4        0x0 binaries/lfsetup.o
 .data          0x000000000011dea4        0x0 binaries/lfsinit.o
 .data          0x000000000011dea4        0x0 binaries/lfsopen.o
 .data          0x000000000011dea4        0x0 binaries/lftruncate.o
 .data          0x000000000011dea4        0x0 binaries/rflclose.o
 .data          0x000000000011dea4        0x0 binaries/rflgetc.o
 .data          0x000000000011dea4        0x0 binaries/rflinit.o
 .data          0x000000000011dea4        0x0 binaries/rflputc.o
 .data          0x000000000011dea4        0x0 binaries/rflread.o
 .data          0x000000000011dea4        0x0 binaries/rflseek.o
 .data          0x000000000011dea4        0x0 binaries/rflwrite.o
 .data          0x000000000011dea4        0x0 binaries/rfscomm.o
 .data          0x000000000011dea4        0x0 binaries/rfscontrol.o
 .data          0x000000000011dea4        0x0 binaries/rfsgetmode.o
 .data          0x000000000011dea4        0x0 binaries/rfsinit.o
 .data          0x000000000011dea4        0x0 binaries/rfsndmsg.o
 .data          0x000000000011dea4        0x0 binaries/rfsopen.o
 .data          0x000000000011dea4        0x0 binaries/arp.o
 .data          0x000000000011dea4        0x0 binaries/dhcp.o
 .data          0x000000000011dea4        0x0 binaries/dot2ip.o
 .data          0x000000000011dea4        0x0 binaries/hexdump.o
 .data          0x000000000011dea4        0x4 binaries/icmp.o
 .data          0x000000000011dea8        0x0 binaries/ip.o
 .data          0x000000000011dea8        0x0 binaries/net.o
 .data          0x000000000011dea8        0x0 binaries/netstart.o
 .data          0x000000000011dea8        0x0 binaries/pdump.o
 .data          0x000000000011dea8        0x0 binaries/tftp.o
 .data          0x000000000011dea8        0x4 binaries/udp.o
 .data          0x000000000011deac        0x0 binaries/addargs.o
 .data          0x000000000011deac        0x0 binaries/lexan.o
 .data          0x000000000011deac        0x4 binaries/shell.o
                0x000000000011deac                ncmd